// Jest Snapshot v1, https://goo.gl/fbAQLP

exports[`renders correctly 1`] = `
<nav>
  <ul
    className="nav-ul"
  >
    <li>
      pathname === '/' ? ' ' : 'details'
    </li>
    <li>
      pathname === '/' ? 'Company Information' : 'Details'
    </li>
  </ul>
</nav>
`;
